../Core/Src/main.c:98:6:HAL_UART_RxCpltCallback	16	static
../Core/Src/main.c:183:6:HAL_TIM_PeriodElapsedCallback	16	static
../Core/Src/main.c:195:6:SelfDrive_Mode	8	static
../Core/Src/main.c:277:5:main	8	static
../Core/Src/main.c:430:6:SystemClock_Config	88	static
../Core/Src/main.c:477:13:MX_SPI2_Init	8	static
../Core/Src/main.c:515:13:MX_TIM1_Init	96	static
../Core/Src/main.c:590:13:MX_TIM2_Init	32	static
../Core/Src/main.c:635:13:MX_TIM3_Init	64	static
../Core/Src/main.c:694:13:MX_TIM5_Init	32	static
../Core/Src/main.c:739:13:MX_USART1_UART_Init	8	static
../Core/Src/main.c:772:13:MX_USART2_UART_Init	8	static
../Core/Src/main.c:805:13:MX_GPIO_Init	48	static
../Core/Src/main.c:883:6:Error_Handler	4	static,ignoring_inline_asm
