../Core/Src/main.c:96:6:HAL_UART_RxCpltCallback	16	static
../Core/Src/main.c:169:6:HAL_TIM_PeriodElapsedCallback	16	static
../Core/Src/main.c:181:6:SelfDrive_Mode	8	static
../Core/Src/main.c:263:5:main	8	static
../Core/Src/main.c:400:6:SystemClock_Config	88	static
../Core/Src/main.c:447:13:MX_TIM1_Init	96	static
../Core/Src/main.c:522:13:MX_TIM2_Init	32	static
../Core/Src/main.c:567:13:MX_TIM3_Init	64	static
../Core/Src/main.c:626:13:MX_TIM5_Init	32	static
../Core/Src/main.c:671:13:MX_USART1_UART_Init	8	static
../Core/Src/main.c:704:13:MX_USART2_UART_Init	8	static
../Core/Src/main.c:737:13:MX_GPIO_Init	48	static
../Core/Src/main.c:812:6:Error_Handler	4	static,ignoring_inline_asm
