../Core/Src/main.c:85:6:HAL_UART_RxCpltCallback	16	static
../Core/Src/main.c:184:7:HAL_TIM_PeriodElapsedCallback	16	static
../Core/Src/main.c:196:7:Self_Drive_Mode	40	static
../Core/Src/main.c:347:5:main	40	static
../Core/Src/main.c:573:6:SystemClock_Config	88	static
../Core/Src/main.c:620:13:MX_SPI2_Init	8	static
../Core/Src/main.c:658:13:MX_TIM1_Init	96	static
../Core/Src/main.c:737:13:MX_TIM2_Init	32	static
../Core/Src/main.c:782:13:MX_TIM3_Init	64	static
../Core/Src/main.c:845:13:MX_USART1_UART_Init	8	static
../Core/Src/main.c:878:13:MX_USART2_UART_Init	8	static
../Core/Src/main.c:911:13:MX_GPIO_Init	48	static
../Core/Src/main.c:992:6:Error_Handler	4	static,ignoring_inline_asm
