../Core/Src/main.c:77:5:main	16	static
../Core/Src/main.c:264:6:SystemClock_Config	88	static
../Core/Src/main.c:311:13:MX_TIM1_Init	96	static
../Core/Src/main.c:386:13:MX_TIM2_Init	32	static
../Core/Src/main.c:431:13:MX_TIM3_Init	64	static
../Core/Src/main.c:490:13:MX_TIM4_Init	64	static
../Core/Src/main.c:549:13:MX_TIM5_Init	64	static
../Core/Src/main.c:619:13:MX_USART2_UART_Init	8	static
../Core/Src/main.c:652:13:MX_GPIO_Init	48	static
../Core/Src/main.c:712:6:Error_Handler	4	static,ignoring_inline_asm
