../Core/Src/main.c:65:5:__io_putchar	16	static
../Core/Src/main.c:71:5:GetAdcValue	8	static
../Core/Src/main.c:80:6:ScreenPos	24	static
../Core/Src/main.c:95:6:HAL_TIM_PeriodElapsedCallback	24	static
../Core/Src/main.c:108:5:main	8	static
../Core/Src/main.c:156:6:SystemClock_Config	88	static
../Core/Src/main.c:203:13:MX_ADC1_Init	24	static
../Core/Src/main.c:265:13:MX_TIM3_Init	32	static
../Core/Src/main.c:310:13:MX_USART2_UART_Init	8	static
../Core/Src/main.c:343:13:MX_GPIO_Init	48	static
../Core/Src/main.c:383:6:Error_Handler	4	static,ignoring_inline_asm
